
> reolink@0.1.0 build
> next build

node.exe : ظأب Warning: 
Next.js inferred your 
workspace root, but it may 
not be correct.
At C:\Program 
Files\nodejs\npm.ps1:29 char:3
+   & $NODE_EXE $NPM_CLI_JS 
$args
+   
~~~~~~~~~~~~~~~~~~~~~~~~~~~~~
    + CategoryInfo          : 
    NotSpecified: (ظأب Warni  
  ng: Ne...not be correct.:   
 String) [], RemoteExcepti    
on
    + FullyQualifiedErrorId : 
    NativeCommandError
 
 We detected multiple 
lockfiles and selected the 
directory of C:\Users\dell\pac
kage-lock.json as the root 
directory.
 To silence this warning, set 
`turbopack.root` in your 
Next.js config, or consider 
removing one of the lockfiles 
if it's not needed.
   See https://nextjs.org/docs
/app/api-reference/config/next
-config-js/turbopack#root-dire
ctory for more information.
 Detected additional 
lockfiles: 
   * C:\Users\dell\Pictures\re
olink\package-lock.json

ظû▓ Next.js 16.1.6 (Turbopack)
- Environments: .env.local

ظأب The "middleware" file 
convention is deprecated. 
Please use "proxy" instead. 
Learn more: https://nextjs.org
/docs/messages/middleware-to-p
roxy
  Creating an optimized production build ...
ظ£ô Compiled successfully in 23.8s
  Running TypeScript ...
Failed to compile.

./supabase/functions/birthday-
rewards/index.ts:1:30
Type error: Cannot find 
module 'https://esm.sh/@supaba
se/supabase-js@2.39.7' or its 
corresponding type 
declarations.

[0m[31m[1m>[22m[39m[90m 
1 |[39m [36mimport[39m { 
createClient } [36mfrom[39m 
[32m'https://esm.sh/@supabase
/supabase-js@2.39.7'[39m
 [90m   |[39m               
               
[31m[1m^[22m[39m
 [90m 2 |[39m
 [90m 3 |[39m 
[36mconst[39m corsHeaders 
[33m=[39m {
 [90m 4 |[39m   [32m'Access
-Control-Allow-Origin'[39m[3
3m:[39m 
[32m'*'[39m[33m,[39m[0m
Next.js build worker exited 
with code: 1 and signal: null
